    Finished `release` profile [optimized] target(s) in 0.05s
     Running `target/release/rrm_rust`
--- DISTILLING 4 CORE TENSOR SKILLS TO YAML ---
--- DISTILLATION TO YAML COMPLETED ---
🌌 RRM Quantum Sandbox (Rust Edition) Initialized.
📚 Berhasil meload 2 skill dari Executable Wiki (.md)


🌿 ==================================
Solving Task: 05269061.json
🌿 ==================================
🧠 [Orientasi Pre-emptive] Membaca Niat Task...
   -> Niat / Klasifikasi Masalah: Task ini menunjukkan: StructuralTransform. Dimensi Larger (3 → 7), Added(43) objek (6 → 49), topologi berubah dari Scatter ke Grid. Tidak ada template frame.
🧠 [Topologi Kuantum] Betti-1: Tidak ada lubang terdeteksi. Struktur solid.
🧠 [Metakognisi] Mode::Exploring - FAST PASS MCTS (Depth 1)
[Depth 0] Axioms: ["IDENTITY_STATIC"] | Pragmatic: 79000.00 | Epistemic: 0.00 | Prob: 0.9900 | Dim: 3x3
  ╭──────────────────────────────────────────────────────────────╮
  │  MCTS NODE [0] — Rank 1/2 │ Depth 0                       │
  ├──────────────────────────────────────────────────────────────┤
  │  P(dist): ━━━━━━━━━━━━━━━━━━━━━━━━━━━━━━ ●=0.990 μ=0.895 range[0.800, 0.990]   │
  │  Threshold: 0.050 ✓ SURVIVES                                │
  │  Energy Components:                                          │
  │    Pragmatic (E):  79000.000  │  Goal-seeking error             │
  │    Epistemic (I):     0.000  │  Information gain               │
  │    Complexity (C):    0.000  │  Model complexity               │
  │    ───────────────────────────────────────────────────────── │
  │    Total Free Energy: 79000.000  │  G = E - I + C                  │
  ├──────────────────────────────────────────────────────────────┤
  │  Status: 🌿 EXPANDING (exploring policies...)                   │
  ╰──────────────────────────────────────────────────────────────╯
  [Memory]  Map (6/6): [██████]
🧠 [Metakognisi] Bottleneck::LocalOptimum - MCTS mentok.
   -> Beralih ke ADVANCED PASS (Iterative Deepening MCTS / Grover)...
   🔍 Search Attempt 1: Exploring top 2 advanced axioms...
   ⚡ Memulai MCTS dari ROOT ZERO-POINT dengan 0 amunisi unik...
[Depth 0] Axioms: ["ROOT_START"] | Pragmatic: 79000.00 | Epistemic: 0.00 | Prob: 0.9900 | Dim: 3x3
  ╭──────────────────────────────────────────────────────────────╮
  │  MCTS NODE [0] — Rank 1/2 │ Depth 0                       │
  ├──────────────────────────────────────────────────────────────┤
  │  P(dist): ━━━━━━━━━━━━━━━━━━━━━━━━━━━━━━ ●=0.990 μ=0.895 range[0.800, 0.990]   │
  │  Threshold: 0.050 ✓ SURVIVES                                │
  │  Energy Components:                                          │
  │    Pragmatic (E):  79000.000  │  Goal-seeking error             │
  │    Epistemic (I):     0.000  │  Information gain               │
  │    Complexity (C):    0.000  │  Model complexity               │
  │    ───────────────────────────────────────────────────────── │
  │    Total Free Energy: 79000.000  │  G = E - I + C                  │
  ├──────────────────────────────────────────────────────────────┤
  │  Status: 🌿 EXPANDING (exploring policies...)                   │
  ╰──────────────────────────────────────────────────────────────╯
  [Memory]  Map (6/6): [██████]
🧠 [Metakognisi] Bottleneck::FalseSharing - Amnesia Singkat (Cache Miss) Terdeteksi!
   📝 MENULIS LOG ARCHITECTURE KE SISTEM: Iterasi iterasi EntityManifold lambat rata-rata 141602 ns per entitas. Kecepatan ini 3x lipat dari limit AVX2.
🧠 [Metakognisi] Bottleneck::LocalOptimum - MCTS mentok.
   -> Beralih ke ADVANCED PASS (Iterative Deepening MCTS / Grover)...
   🔍 Search Attempt 1: Exploring top 2 advanced axioms...
   ⚡ Memulai MCTS dari ROOT ZERO-POINT dengan 0 amunisi unik...
[Depth 0] Axioms: ["ROOT_START"] | Pragmatic: 79000.00 | Epistemic: 0.00 | Prob: 0.9900 | Dim: 3x3
  ╭──────────────────────────────────────────────────────────────╮
  │  MCTS NODE [0] — Rank 1/2 │ Depth 0                       │
  ├──────────────────────────────────────────────────────────────┤
  │  P(dist): ━━━━━━━━━━━━━━━━━━━━━━━━━━━━━━ ●=0.990 μ=0.895 range[0.800, 0.990]   │
  │  Threshold: 0.050 ✓ SURVIVES                                │
  │  Energy Components:                                          │
  │    Pragmatic (E):  79000.000  │  Goal-seeking error             │
  │    Epistemic (I):     0.000  │  Information gain               │
  │    Complexity (C):    0.000  │  Model complexity               │
  │    ───────────────────────────────────────────────────────── │
  │    Total Free Energy: 79000.000  │  G = E - I + C                  │
  ├──────────────────────────────────────────────────────────────┤
  │  Status: 🌿 EXPANDING (exploring policies...)                   │
  ╰──────────────────────────────────────────────────────────────╯
  [Memory]  Map (6/6): [██████]
🧠 [Metakognisi] Bottleneck::FalseSharing - Amnesia Singkat (Cache Miss) Terdeteksi!
   📝 MENULIS LOG ARCHITECTURE KE SISTEM: Iterasi iterasi EntityManifold lambat rata-rata 112338 ns per entitas. Kecepatan ini 3x lipat dari limit AVX2.
🧠 [Metakognisi] Bottleneck::LocalOptimum - MCTS mentok.
   -> Beralih ke ADVANCED PASS (Iterative Deepening MCTS / Grover)...
   🔍 Search Attempt 1: Exploring top 2 advanced axioms...
   ⚡ Memulai MCTS dari ROOT ZERO-POINT dengan 0 amunisi unik...
[Depth 0] Axioms: ["ROOT_START"] | Pragmatic: 79000.00 | Epistemic: 0.00 | Prob: 0.9900 | Dim: 3x3
  ╭──────────────────────────────────────────────────────────────╮
  │  MCTS NODE [0] — Rank 1/2 │ Depth 0                       │
  ├──────────────────────────────────────────────────────────────┤
  │  P(dist): ━━━━━━━━━━━━━━━━━━━━━━━━━━━━━━ ●=0.990 μ=0.895 range[0.800, 0.990]   │
  │  Threshold: 0.050 ✓ SURVIVES                                │
  │  Energy Components:                                          │
  │    Pragmatic (E):  79000.000  │  Goal-seeking error             │
  │    Epistemic (I):     0.000  │  Information gain               │
  │    Complexity (C):    0.000  │  Model complexity               │
  │    ───────────────────────────────────────────────────────── │
  │    Total Free Energy: 79000.000  │  G = E - I + C                  │
  ├──────────────────────────────────────────────────────────────┤
  │  Status: 🌿 EXPANDING (exploring policies...)                   │
  ╰──────────────────────────────────────────────────────────────╯
  [Memory]  Map (6/6): [██████]
🧠 [Metakognisi] Batas loop kognitif tercapai (Infinite Loop Protection). Simulasi dihentikan paksa.
   [Rust MCTS] WARNING: Semua gelombang hancur! (Halusinasi/Meleset)
🧬 [Autopoiesis] Kode genetik sudah ada di Wiki (knowledge/skills/auto/synthesized_crossover_8b516458.md). Menggunakan kembali tanpa menulis file baru.
🧬 [Quantum Inference] Menjalankan Axiom Tensor 'synthesized_crossover_8b516458' secara dinamis di Multiverse Sandbox...
🧬 [Quantum Inference] Wave propagation selesai. (Simulasi internal berhasil).
MCTS failed. Engaging Generative Synthesized Skill: extract_anomalous_quadrant...
✅ SUCCESS (100% Match!)


🌿 ==================================
Solving Task: 09629e4f.json
🌿 ==================================
🧠 [Orientasi Pre-emptive] Membaca Niat Task...
   -> Niat / Klasifikasi Masalah: Task ini menunjukkan: ObjectManipulation. Dimensi Equal (11 → 11), Removed(40) objek (45 → 5), topologi berubah dari Scatter ke Scatter. Tidak ada template frame.
🧠 [Topologi Kuantum] Betti-1: Tidak ada lubang terdeteksi. Struktur solid.
🧠 [Metakognisi] Bottleneck::FalseSharing - Amnesia Singkat (Cache Miss) Terdeteksi!
   📝 MENULIS LOG ARCHITECTURE KE SISTEM: Iterasi iterasi EntityManifold lambat rata-rata 108862 ns per entitas. Kecepatan ini 3x lipat dari limit AVX2.
🧠 [Metakognisi] Bottleneck::LocalOptimum - MCTS mentok.
   -> Beralih ke ADVANCED PASS (Iterative Deepening MCTS / Grover)...
   🔍 Search Attempt 1: Exploring top 2 advanced axioms...
   ⚡ Memulai MCTS dari ROOT ZERO-POINT dengan 0 amunisi unik...
[Depth 0] Axioms: ["ROOT_START"] | Pragmatic: -2000.00 | Epistemic: 0.00 | Prob: 1.0000 | Dim: 11x11
  ╭──────────────────────────────────────────────────────────────╮
  │  MCTS NODE [0] — Rank 1/2 │ Depth 0                       │
  ├──────────────────────────────────────────────────────────────┤
  │  P(dist): ━━━━━━━━━━━━━━━━━━━━━━━━━━━━━━ ●=1.000 μ=0.900 range[0.800, 1.000]   │
  │  Threshold: 0.050 ✓ SURVIVES                                │
  │  Energy Components:                                          │
  │    Pragmatic (E):  -2000.000  │  Goal-seeking error             │
  │    Epistemic (I):     0.000  │  Information gain               │
  │    Complexity (C):    0.000  │  Model complexity               │
  │    ───────────────────────────────────────────────────────── │
  │    Total Free Energy: -2000.000  │  G = E - I + C                  │
  ├──────────────────────────────────────────────────────────────┤
  │  Status: 🌿 EXPANDING (exploring policies...)                   │
  ╰──────────────────────────────────────────────────────────────╯
  [Memory]  Map (45/45): [█████████████████████████████████████████████]
🧠 [Metakognisi] Bottleneck::FalseSharing - Amnesia Singkat (Cache Miss) Terdeteksi!
   📝 MENULIS LOG ARCHITECTURE KE SISTEM: Iterasi iterasi EntityManifold lambat rata-rata 134055 ns per entitas. Kecepatan ini 3x lipat dari limit AVX2.
🧠 [Metakognisi] Bottleneck::LocalOptimum - MCTS mentok.
   -> Beralih ke ADVANCED PASS (Iterative Deepening MCTS / Grover)...
   🔍 Search Attempt 1: Exploring top 2 advanced axioms...
   ⚡ Memulai MCTS dari ROOT ZERO-POINT dengan 0 amunisi unik...
[Depth 0] Axioms: ["ROOT_START"] | Pragmatic: -2000.00 | Epistemic: 0.00 | Prob: 1.0000 | Dim: 11x11
  ╭──────────────────────────────────────────────────────────────╮
  │  MCTS NODE [0] — Rank 1/2 │ Depth 0                       │
  ├──────────────────────────────────────────────────────────────┤
  │  P(dist): ━━━━━━━━━━━━━━━━━━━━━━━━━━━━━━ ●=1.000 μ=0.900 range[0.800, 1.000]   │
  │  Threshold: 0.050 ✓ SURVIVES                                │
  │  Energy Components:                                          │
  │    Pragmatic (E):  -2000.000  │  Goal-seeking error             │
  │    Epistemic (I):     0.000  │  Information gain               │
  │    Complexity (C):    0.000  │  Model complexity               │
  │    ───────────────────────────────────────────────────────── │
  │    Total Free Energy: -2000.000  │  G = E - I + C                  │
  ├──────────────────────────────────────────────────────────────┤
  │  Status: 🌿 EXPANDING (exploring policies...)                   │
  ╰──────────────────────────────────────────────────────────────╯
  [Memory]  Map (45/45): [█████████████████████████████████████████████]
🧠 [Metakognisi] Bottleneck::FalseSharing - Amnesia Singkat (Cache Miss) Terdeteksi!
   📝 MENULIS LOG ARCHITECTURE KE SISTEM: Iterasi iterasi EntityManifold lambat rata-rata 113152 ns per entitas. Kecepatan ini 3x lipat dari limit AVX2.
🧠 [Metakognisi] Bottleneck::LocalOptimum - MCTS mentok.
   -> Beralih ke ADVANCED PASS (Iterative Deepening MCTS / Grover)...
   🔍 Search Attempt 1: Exploring top 2 advanced axioms...
   ⚡ Memulai MCTS dari ROOT ZERO-POINT dengan 0 amunisi unik...
[Depth 0] Axioms: ["ROOT_START"] | Pragmatic: -2000.00 | Epistemic: 0.00 | Prob: 1.0000 | Dim: 11x11
  ╭──────────────────────────────────────────────────────────────╮
  │  MCTS NODE [0] — Rank 1/2 │ Depth 0                       │
  ├──────────────────────────────────────────────────────────────┤
  │  P(dist): ━━━━━━━━━━━━━━━━━━━━━━━━━━━━━━ ●=1.000 μ=0.900 range[0.800, 1.000]   │
  │  Threshold: 0.050 ✓ SURVIVES                                │
  │  Energy Components:                                          │
  │    Pragmatic (E):  -2000.000  │  Goal-seeking error             │
  │    Epistemic (I):     0.000  │  Information gain               │
  │    Complexity (C):    0.000  │  Model complexity               │
  │    ───────────────────────────────────────────────────────── │
  │    Total Free Energy: -2000.000  │  G = E - I + C                  │
  ├──────────────────────────────────────────────────────────────┤
  │  Status: 🌿 EXPANDING (exploring policies...)                   │
  ╰──────────────────────────────────────────────────────────────╯
  [Memory]  Map (45/45): [█████████████████████████████████████████████]
🧠 [Metakognisi] Batas loop kognitif tercapai (Infinite Loop Protection). Simulasi dihentikan paksa.
   [Rust MCTS] WARNING: Semua gelombang hancur! (Halusinasi/Meleset)
🧬 [Autopoiesis] Kode genetik sudah ada di Wiki (knowledge/skills/auto/synthesized_crossover_8b516458.md). Menggunakan kembali tanpa menulis file baru.
🧬 [Quantum Inference] Menjalankan Axiom Tensor 'synthesized_crossover_8b516458' secara dinamis di Multiverse Sandbox...
🧬 [Quantum Inference] Wave propagation selesai. (Simulasi internal berhasil).
MCTS failed. Engaging Generative Synthesized Skill: extract_anomalous_quadrant...
✅ SUCCESS (100% Match!)


🌿 ==================================
Solving Task: 2dc579da.json
🌿 ==================================
🧠 [Orientasi Pre-emptive] Membaca Niat Task...
   -> Niat / Klasifikasi Masalah: Task ini menunjukkan: StructuralTransform. Dimensi Smaller (5 → 2), Removed(4) objek (6 → 2), topologi berubah dari Scatter ke Scatter. Tidak ada template frame.
🧠 [Topologi Kuantum] Betti-1: Tidak ada lubang terdeteksi. Struktur solid.
🧠 [Metakognisi] Bottleneck::FalseSharing - Amnesia Singkat (Cache Miss) Terdeteksi!
   📝 MENULIS LOG ARCHITECTURE KE SISTEM: Iterasi iterasi EntityManifold lambat rata-rata 114050 ns per entitas. Kecepatan ini 3x lipat dari limit AVX2.
🧠 [Metakognisi] Bottleneck::LocalOptimum - MCTS mentok.
   -> Beralih ke ADVANCED PASS (Iterative Deepening MCTS / Grover)...
   🔍 Search Attempt 1: Exploring top 2 advanced axioms...
   ⚡ Memulai MCTS dari ROOT ZERO-POINT dengan 3 amunisi unik...
[Depth 0] Axioms: ["ROOT_START"] | Pragmatic: 260000.00 | Epistemic: 0.00 | Prob: 0.9900 | Dim: 5x5
  ╭──────────────────────────────────────────────────────────────╮
  │  MCTS NODE [0] — Rank 1/2 │ Depth 0                       │
  ├──────────────────────────────────────────────────────────────┤
  │  P(dist): ━━━━━━━━━━━━━━━━━━━━━━━━━━━━━━ ●=0.990 μ=0.895 range[0.800, 0.990]   │
  │  Threshold: 0.050 ✓ SURVIVES                                │
  │  Energy Components:                                          │
  │    Pragmatic (E):  260000.000  │  Goal-seeking error             │
  │    Epistemic (I):     0.000  │  Information gain               │
  │    Complexity (C):    0.000  │  Model complexity               │
  │    ───────────────────────────────────────────────────────── │
  │    Total Free Energy: 260000.000  │  G = E - I + C                  │
  ├──────────────────────────────────────────────────────────────┤
  │  Status: 🌿 EXPANDING (exploring policies...)                   │
  ╰──────────────────────────────────────────────────────────────╯
  [Memory]  Map (6/6): [██████]
[Depth 1] Axioms: ["ROOT_START", "CROP_WINDOW_AROUND(8)"] | Pragmatic: 260000.00 | Epistemic: 0.00 | Prob: 0.9900 | Dim: 5x5
  ╭──────────────────────────────────────────────────────────────╮
  │  MCTS NODE [0] — Rank 1/2 │ Depth 1                       │
  ├──────────────────────────────────────────────────────────────┤
  │  P(dist): ━━━━━━━━━━━━━━━━━━━━━━━━━━━━━━ ●=0.990 μ=0.895 range[0.800, 0.990]   │
  │  Threshold: 0.050 ✓ SURVIVES                                │
  │  Energy Components:                                          │
  │    Pragmatic (E):  260000.000  │  Goal-seeking error             │
  │    Epistemic (I):     0.000  │  Information gain               │
  │    Complexity (C):    0.000  │  Model complexity               │
  │    ───────────────────────────────────────────────────────── │
  │    Total Free Energy: 260000.000  │  G = E - I + C                  │
  ├──────────────────────────────────────────────────────────────┤
  │  Status: 🌿 EXPANDING (exploring policies...)                   │
  ╰──────────────────────────────────────────────────────────────╯
  [Memory]  Map (6/6): [██████]
[Depth 1] Axioms: ["ROOT_START", "CROP_WINDOW_AROUND(4)"] | Pragmatic: 260000.00 | Epistemic: 0.00 | Prob: 0.9900 | Dim: 5x5
  ╭──────────────────────────────────────────────────────────────╮
  │  MCTS NODE [0] — Rank 1/2 │ Depth 1                       │
  ├──────────────────────────────────────────────────────────────┤
  │  P(dist): ━━━━━━━━━━━━━━━━━━━━━━━━━━━━━━ ●=0.990 μ=0.895 range[0.800, 0.990]   │
  │  Threshold: 0.050 ✓ SURVIVES                                │
  │  Energy Components:                                          │
  │    Pragmatic (E):  260000.000  │  Goal-seeking error             │
  │    Epistemic (I):     0.000  │  Information gain               │
  │    Complexity (C):    0.000  │  Model complexity               │
  │    ───────────────────────────────────────────────────────── │
  │    Total Free Energy: 260000.000  │  G = E - I + C                  │
  ├──────────────────────────────────────────────────────────────┤
  │  Status: 🌿 EXPANDING (exploring policies...)                   │
  ╰──────────────────────────────────────────────────────────────╯
  [Memory]  Map (6/6): [██████]
[Depth 1] Axioms: ["ROOT_START", "CROP_WINDOW_AROUND(3)"] | Pragmatic: 260000.00 | Epistemic: 0.00 | Prob: 0.9900 | Dim: 5x5
  ╭──────────────────────────────────────────────────────────────╮
  │  MCTS NODE [0] — Rank 1/2 │ Depth 1                       │
  ├──────────────────────────────────────────────────────────────┤
  │  P(dist): ━━━━━━━━━━━━━━━━━━━━━━━━━━━━━━ ●=0.990 μ=0.895 range[0.800, 0.990]   │
  │  Threshold: 0.050 ✓ SURVIVES                                │
  │  Energy Components:                                          │
  │    Pragmatic (E):  260000.000  │  Goal-seeking error             │
  │    Epistemic (I):     0.000  │  Information gain               │
  │    Complexity (C):    0.000  │  Model complexity               │
  │    ───────────────────────────────────────────────────────── │
  │    Total Free Energy: 260000.000  │  G = E - I + C                  │
  ├──────────────────────────────────────────────────────────────┤
  │  Status: 🌿 EXPANDING (exploring policies...)                   │
  ╰──────────────────────────────────────────────────────────────╯
  [Memory]  Map (6/6): [██████]
   🔍 Search Attempt 2: Exploring top 5 advanced axioms...
   ⚡ Memulai MCTS dari ROOT ZERO-POINT dengan 3 amunisi unik...
[Depth 0] Axioms: ["ROOT_START"] | Pragmatic: 260000.00 | Epistemic: 0.00 | Prob: 0.9900 | Dim: 5x5
  ╭──────────────────────────────────────────────────────────────╮
  │  MCTS NODE [0] — Rank 1/2 │ Depth 0                       │
  ├──────────────────────────────────────────────────────────────┤
  │  P(dist): ━━━━━━━━━━━━━━━━━━━━━━━━━━━━━━ ●=0.990 μ=0.895 range[0.800, 0.990]   │
  │  Threshold: 0.050 ✓ SURVIVES                                │
  │  Energy Components:                                          │
  │    Pragmatic (E):  260000.000  │  Goal-seeking error             │
  │    Epistemic (I):     0.000  │  Information gain               │
  │    Complexity (C):    0.000  │  Model complexity               │
  │    ───────────────────────────────────────────────────────── │
  │    Total Free Energy: 260000.000  │  G = E - I + C                  │
  ├──────────────────────────────────────────────────────────────┤
  │  Status: 🌿 EXPANDING (exploring policies...)                   │
  ╰──────────────────────────────────────────────────────────────╯
  [Memory]  Map (6/6): [██████]
[Depth 1] Axioms: ["ROOT_START", "CROP_WINDOW_AROUND(8)"] | Pragmatic: 260000.00 | Epistemic: 0.00 | Prob: 0.9900 | Dim: 5x5
  ╭──────────────────────────────────────────────────────────────╮
  │  MCTS NODE [0] — Rank 1/2 │ Depth 1                       │
  ├──────────────────────────────────────────────────────────────┤
  │  P(dist): ━━━━━━━━━━━━━━━━━━━━━━━━━━━━━━ ●=0.990 μ=0.895 range[0.800, 0.990]   │
  │  Threshold: 0.050 ✓ SURVIVES                                │
  │  Energy Components:                                          │
  │    Pragmatic (E):  260000.000  │  Goal-seeking error             │
  │    Epistemic (I):     0.000  │  Information gain               │
  │    Complexity (C):    0.000  │  Model complexity               │
  │    ───────────────────────────────────────────────────────── │
  │    Total Free Energy: 260000.000  │  G = E - I + C                  │
  ├──────────────────────────────────────────────────────────────┤
  │  Status: 🌿 EXPANDING (exploring policies...)                   │
  ╰──────────────────────────────────────────────────────────────╯
  [Memory]  Map (6/6): [██████]
[Depth 1] Axioms: ["ROOT_START", "CROP_WINDOW_AROUND(4)"] | Pragmatic: 260000.00 | Epistemic: 0.00 | Prob: 0.9900 | Dim: 5x5
  ╭──────────────────────────────────────────────────────────────╮
  │  MCTS NODE [0] — Rank 1/2 │ Depth 1                       │
  ├──────────────────────────────────────────────────────────────┤
  │  P(dist): ━━━━━━━━━━━━━━━━━━━━━━━━━━━━━━ ●=0.990 μ=0.895 range[0.800, 0.990]   │
  │  Threshold: 0.050 ✓ SURVIVES                                │
  │  Energy Components:                                          │
  │    Pragmatic (E):  260000.000  │  Goal-seeking error             │
  │    Epistemic (I):     0.000  │  Information gain               │
  │    Complexity (C):    0.000  │  Model complexity               │
  │    ───────────────────────────────────────────────────────── │
  │    Total Free Energy: 260000.000  │  G = E - I + C                  │
  ├──────────────────────────────────────────────────────────────┤
  │  Status: 🌿 EXPANDING (exploring policies...)                   │
  ╰──────────────────────────────────────────────────────────────╯
  [Memory]  Map (6/6): [██████]
[Depth 1] Axioms: ["ROOT_START", "CROP_WINDOW_AROUND(3)"] | Pragmatic: 260000.00 | Epistemic: 0.00 | Prob: 0.9900 | Dim: 5x5
  ╭──────────────────────────────────────────────────────────────╮
  │  MCTS NODE [0] — Rank 1/2 │ Depth 1                       │
  ├──────────────────────────────────────────────────────────────┤
  │  P(dist): ━━━━━━━━━━━━━━━━━━━━━━━━━━━━━━ ●=0.990 μ=0.895 range[0.800, 0.990]   │
  │  Threshold: 0.050 ✓ SURVIVES                                │
  │  Energy Components:                                          │
  │    Pragmatic (E):  260000.000  │  Goal-seeking error             │
  │    Epistemic (I):     0.000  │  Information gain               │
  │    Complexity (C):    0.000  │  Model complexity               │
  │    ───────────────────────────────────────────────────────── │
  │    Total Free Energy: 260000.000  │  G = E - I + C                  │
  ├──────────────────────────────────────────────────────────────┤
  │  Status: 🌿 EXPANDING (exploring policies...)                   │
  ╰──────────────────────────────────────────────────────────────╯
  [Memory]  Map (6/6): [██████]
🧠 [Metakognisi] Bottleneck::FalseSharing - Amnesia Singkat (Cache Miss) Terdeteksi!
   📝 MENULIS LOG ARCHITECTURE KE SISTEM: Iterasi iterasi EntityManifold lambat rata-rata 23813 ns per entitas. Kecepatan ini 3x lipat dari limit AVX2.
🧠 [Metakognisi] Bottleneck::LocalOptimum - MCTS mentok.
   -> Beralih ke ADVANCED PASS (Iterative Deepening MCTS / Grover)...
   🔍 Search Attempt 1: Exploring top 2 advanced axioms...
   ⚡ Memulai MCTS dari ROOT ZERO-POINT dengan 3 amunisi unik...
[Depth 0] Axioms: ["ROOT_START"] | Pragmatic: 260000.00 | Epistemic: 0.00 | Prob: 0.9900 | Dim: 5x5
  ╭──────────────────────────────────────────────────────────────╮
  │  MCTS NODE [0] — Rank 1/2 │ Depth 0                       │
  ├──────────────────────────────────────────────────────────────┤
  │  P(dist): ━━━━━━━━━━━━━━━━━━━━━━━━━━━━━━ ●=0.990 μ=0.895 range[0.800, 0.990]   │
  │  Threshold: 0.050 ✓ SURVIVES                                │
  │  Energy Components:                                          │
  │    Pragmatic (E):  260000.000  │  Goal-seeking error             │
  │    Epistemic (I):     0.000  │  Information gain               │
  │    Complexity (C):    0.000  │  Model complexity               │
  │    ───────────────────────────────────────────────────────── │
  │    Total Free Energy: 260000.000  │  G = E - I + C                  │
  ├──────────────────────────────────────────────────────────────┤
  │  Status: 🌿 EXPANDING (exploring policies...)                   │
  ╰──────────────────────────────────────────────────────────────╯
  [Memory]  Map (6/6): [██████]
[Depth 1] Axioms: ["ROOT_START", "CROP_WINDOW_AROUND(8)"] | Pragmatic: 260000.00 | Epistemic: 0.00 | Prob: 0.9900 | Dim: 5x5
  ╭──────────────────────────────────────────────────────────────╮
  │  MCTS NODE [0] — Rank 1/2 │ Depth 1                       │
  ├──────────────────────────────────────────────────────────────┤
  │  P(dist): ━━━━━━━━━━━━━━━━━━━━━━━━━━━━━━ ●=0.990 μ=0.895 range[0.800, 0.990]   │
  │  Threshold: 0.050 ✓ SURVIVES                                │
  │  Energy Components:                                          │
  │    Pragmatic (E):  260000.000  │  Goal-seeking error             │
  │    Epistemic (I):     0.000  │  Information gain               │
  │    Complexity (C):    0.000  │  Model complexity               │
  │    ───────────────────────────────────────────────────────── │
  │    Total Free Energy: 260000.000  │  G = E - I + C                  │
  ├──────────────────────────────────────────────────────────────┤
  │  Status: 🌿 EXPANDING (exploring policies...)                   │
  ╰──────────────────────────────────────────────────────────────╯
  [Memory]  Map (6/6): [██████]
[Depth 1] Axioms: ["ROOT_START", "CROP_WINDOW_AROUND(4)"] | Pragmatic: 260000.00 | Epistemic: 0.00 | Prob: 0.9900 | Dim: 5x5
  ╭──────────────────────────────────────────────────────────────╮
  │  MCTS NODE [0] — Rank 1/2 │ Depth 1                       │
  ├──────────────────────────────────────────────────────────────┤
  │  P(dist): ━━━━━━━━━━━━━━━━━━━━━━━━━━━━━━ ●=0.990 μ=0.895 range[0.800, 0.990]   │
  │  Threshold: 0.050 ✓ SURVIVES                                │
  │  Energy Components:                                          │
  │    Pragmatic (E):  260000.000  │  Goal-seeking error             │
  │    Epistemic (I):     0.000  │  Information gain               │
  │    Complexity (C):    0.000  │  Model complexity               │
  │    ───────────────────────────────────────────────────────── │
  │    Total Free Energy: 260000.000  │  G = E - I + C                  │
  ├──────────────────────────────────────────────────────────────┤
  │  Status: 🌿 EXPANDING (exploring policies...)                   │
  ╰──────────────────────────────────────────────────────────────╯
  [Memory]  Map (6/6): [██████]
[Depth 1] Axioms: ["ROOT_START", "CROP_WINDOW_AROUND(3)"] | Pragmatic: 260000.00 | Epistemic: 0.00 | Prob: 0.9900 | Dim: 5x5
  ╭──────────────────────────────────────────────────────────────╮
  │  MCTS NODE [0] — Rank 1/2 │ Depth 1                       │
  ├──────────────────────────────────────────────────────────────┤
  │  P(dist): ━━━━━━━━━━━━━━━━━━━━━━━━━━━━━━ ●=0.990 μ=0.895 range[0.800, 0.990]   │
  │  Threshold: 0.050 ✓ SURVIVES                                │
  │  Energy Components:                                          │
  │    Pragmatic (E):  260000.000  │  Goal-seeking error             │
  │    Epistemic (I):     0.000  │  Information gain               │
  │    Complexity (C):    0.000  │  Model complexity               │
  │    ───────────────────────────────────────────────────────── │
  │    Total Free Energy: 260000.000  │  G = E - I + C                  │
  ├──────────────────────────────────────────────────────────────┤
  │  Status: 🌿 EXPANDING (exploring policies...)                   │
  ╰──────────────────────────────────────────────────────────────╯
  [Memory]  Map (6/6): [██████]
   🔍 Search Attempt 2: Exploring top 5 advanced axioms...
   ⚡ Memulai MCTS dari ROOT ZERO-POINT dengan 3 amunisi unik...
[Depth 0] Axioms: ["ROOT_START"] | Pragmatic: 260000.00 | Epistemic: 0.00 | Prob: 0.9900 | Dim: 5x5
  ╭──────────────────────────────────────────────────────────────╮
  │  MCTS NODE [0] — Rank 1/2 │ Depth 0                       │
  ├──────────────────────────────────────────────────────────────┤
  │  P(dist): ━━━━━━━━━━━━━━━━━━━━━━━━━━━━━━ ●=0.990 μ=0.895 range[0.800, 0.990]   │
  │  Threshold: 0.050 ✓ SURVIVES                                │
  │  Energy Components:                                          │
  │    Pragmatic (E):  260000.000  │  Goal-seeking error             │
  │    Epistemic (I):     0.000  │  Information gain               │
  │    Complexity (C):    0.000  │  Model complexity               │
  │    ───────────────────────────────────────────────────────── │
  │    Total Free Energy: 260000.000  │  G = E - I + C                  │
  ├──────────────────────────────────────────────────────────────┤
  │  Status: 🌿 EXPANDING (exploring policies...)                   │
  ╰──────────────────────────────────────────────────────────────╯
  [Memory]  Map (6/6): [██████]
[Depth 1] Axioms: ["ROOT_START", "CROP_WINDOW_AROUND(8)"] | Pragmatic: 260000.00 | Epistemic: 0.00 | Prob: 0.9900 | Dim: 5x5
  ╭──────────────────────────────────────────────────────────────╮
  │  MCTS NODE [0] — Rank 1/2 │ Depth 1                       │
  ├──────────────────────────────────────────────────────────────┤
  │  P(dist): ━━━━━━━━━━━━━━━━━━━━━━━━━━━━━━ ●=0.990 μ=0.895 range[0.800, 0.990]   │
  │  Threshold: 0.050 ✓ SURVIVES                                │
  │  Energy Components:                                          │
  │    Pragmatic (E):  260000.000  │  Goal-seeking error             │
  │    Epistemic (I):     0.000  │  Information gain               │
  │    Complexity (C):    0.000  │  Model complexity               │
  │    ───────────────────────────────────────────────────────── │
  │    Total Free Energy: 260000.000  │  G = E - I + C                  │
  ├──────────────────────────────────────────────────────────────┤
  │  Status: 🌿 EXPANDING (exploring policies...)                   │
  ╰──────────────────────────────────────────────────────────────╯
  [Memory]  Map (6/6): [██████]
[Depth 1] Axioms: ["ROOT_START", "CROP_WINDOW_AROUND(4)"] | Pragmatic: 260000.00 | Epistemic: 0.00 | Prob: 0.9900 | Dim: 5x5
  ╭──────────────────────────────────────────────────────────────╮
  │  MCTS NODE [0] — Rank 1/2 │ Depth 1                       │
  ├──────────────────────────────────────────────────────────────┤
  │  P(dist): ━━━━━━━━━━━━━━━━━━━━━━━━━━━━━━ ●=0.990 μ=0.895 range[0.800, 0.990]   │
  │  Threshold: 0.050 ✓ SURVIVES                                │
  │  Energy Components:                                          │
  │    Pragmatic (E):  260000.000  │  Goal-seeking error             │
  │    Epistemic (I):     0.000  │  Information gain               │
  │    Complexity (C):    0.000  │  Model complexity               │
  │    ───────────────────────────────────────────────────────── │
  │    Total Free Energy: 260000.000  │  G = E - I + C                  │
  ├──────────────────────────────────────────────────────────────┤
  │  Status: 🌿 EXPANDING (exploring policies...)                   │
  ╰──────────────────────────────────────────────────────────────╯
  [Memory]  Map (6/6): [██████]
[Depth 1] Axioms: ["ROOT_START", "CROP_WINDOW_AROUND(3)"] | Pragmatic: 260000.00 | Epistemic: 0.00 | Prob: 0.9900 | Dim: 5x5
  ╭──────────────────────────────────────────────────────────────╮
  │  MCTS NODE [0] — Rank 1/2 │ Depth 1                       │
  ├──────────────────────────────────────────────────────────────┤
  │  P(dist): ━━━━━━━━━━━━━━━━━━━━━━━━━━━━━━ ●=0.990 μ=0.895 range[0.800, 0.990]   │
  │  Threshold: 0.050 ✓ SURVIVES                                │
  │  Energy Components:                                          │
  │    Pragmatic (E):  260000.000  │  Goal-seeking error             │
  │    Epistemic (I):     0.000  │  Information gain               │
  │    Complexity (C):    0.000  │  Model complexity               │
  │    ───────────────────────────────────────────────────────── │
  │    Total Free Energy: 260000.000  │  G = E - I + C                  │
  ├──────────────────────────────────────────────────────────────┤
  │  Status: 🌿 EXPANDING (exploring policies...)                   │
  ╰──────────────────────────────────────────────────────────────╯
  [Memory]  Map (6/6): [██████]
🧠 [Metakognisi] Bottleneck::FalseSharing - Amnesia Singkat (Cache Miss) Terdeteksi!
   📝 MENULIS LOG ARCHITECTURE KE SISTEM: Iterasi iterasi EntityManifold lambat rata-rata 21806 ns per entitas. Kecepatan ini 3x lipat dari limit AVX2.
🧠 [Metakognisi] Bottleneck::LocalOptimum - MCTS mentok.
   -> Beralih ke ADVANCED PASS (Iterative Deepening MCTS / Grover)...
   🔍 Search Attempt 1: Exploring top 2 advanced axioms...
   ⚡ Memulai MCTS dari ROOT ZERO-POINT dengan 3 amunisi unik...
[Depth 0] Axioms: ["ROOT_START"] | Pragmatic: 260000.00 | Epistemic: 0.00 | Prob: 0.9900 | Dim: 5x5
  ╭──────────────────────────────────────────────────────────────╮
  │  MCTS NODE [0] — Rank 1/2 │ Depth 0                       │
  ├──────────────────────────────────────────────────────────────┤
  │  P(dist): ━━━━━━━━━━━━━━━━━━━━━━━━━━━━━━ ●=0.990 μ=0.895 range[0.800, 0.990]   │
  │  Threshold: 0.050 ✓ SURVIVES                                │
  │  Energy Components:                                          │
  │    Pragmatic (E):  260000.000  │  Goal-seeking error             │
  │    Epistemic (I):     0.000  │  Information gain               │
  │    Complexity (C):    0.000  │  Model complexity               │
  │    ───────────────────────────────────────────────────────── │
  │    Total Free Energy: 260000.000  │  G = E - I + C                  │
  ├──────────────────────────────────────────────────────────────┤
  │  Status: 🌿 EXPANDING (exploring policies...)                   │
  ╰──────────────────────────────────────────────────────────────╯
  [Memory]  Map (6/6): [██████]
[Depth 1] Axioms: ["ROOT_START", "CROP_WINDOW_AROUND(8)"] | Pragmatic: 260000.00 | Epistemic: 0.00 | Prob: 0.9900 | Dim: 5x5
  ╭──────────────────────────────────────────────────────────────╮
  │  MCTS NODE [0] — Rank 1/2 │ Depth 1                       │
  ├──────────────────────────────────────────────────────────────┤
  │  P(dist): ━━━━━━━━━━━━━━━━━━━━━━━━━━━━━━ ●=0.990 μ=0.895 range[0.800, 0.990]   │
  │  Threshold: 0.050 ✓ SURVIVES                                │
  │  Energy Components:                                          │
  │    Pragmatic (E):  260000.000  │  Goal-seeking error             │
  │    Epistemic (I):     0.000  │  Information gain               │
  │    Complexity (C):    0.000  │  Model complexity               │
  │    ───────────────────────────────────────────────────────── │
  │    Total Free Energy: 260000.000  │  G = E - I + C                  │
  ├──────────────────────────────────────────────────────────────┤
  │  Status: 🌿 EXPANDING (exploring policies...)                   │
  ╰──────────────────────────────────────────────────────────────╯
  [Memory]  Map (6/6): [██████]
[Depth 1] Axioms: ["ROOT_START", "CROP_WINDOW_AROUND(4)"] | Pragmatic: 260000.00 | Epistemic: 0.00 | Prob: 0.9900 | Dim: 5x5
  ╭──────────────────────────────────────────────────────────────╮
  │  MCTS NODE [0] — Rank 1/2 │ Depth 1                       │
  ├──────────────────────────────────────────────────────────────┤
  │  P(dist): ━━━━━━━━━━━━━━━━━━━━━━━━━━━━━━ ●=0.990 μ=0.895 range[0.800, 0.990]   │
  │  Threshold: 0.050 ✓ SURVIVES                                │
  │  Energy Components:                                          │
  │    Pragmatic (E):  260000.000  │  Goal-seeking error             │
  │    Epistemic (I):     0.000  │  Information gain               │
  │    Complexity (C):    0.000  │  Model complexity               │
  │    ───────────────────────────────────────────────────────── │
  │    Total Free Energy: 260000.000  │  G = E - I + C                  │
  ├──────────────────────────────────────────────────────────────┤
  │  Status: 🌿 EXPANDING (exploring policies...)                   │
  ╰──────────────────────────────────────────────────────────────╯
  [Memory]  Map (6/6): [██████]
[Depth 1] Axioms: ["ROOT_START", "CROP_WINDOW_AROUND(3)"] | Pragmatic: 260000.00 | Epistemic: 0.00 | Prob: 0.9900 | Dim: 5x5
  ╭──────────────────────────────────────────────────────────────╮
  │  MCTS NODE [0] — Rank 1/2 │ Depth 1                       │
  ├──────────────────────────────────────────────────────────────┤
  │  P(dist): ━━━━━━━━━━━━━━━━━━━━━━━━━━━━━━ ●=0.990 μ=0.895 range[0.800, 0.990]   │
  │  Threshold: 0.050 ✓ SURVIVES                                │
  │  Energy Components:                                          │
  │    Pragmatic (E):  260000.000  │  Goal-seeking error             │
  │    Epistemic (I):     0.000  │  Information gain               │
  │    Complexity (C):    0.000  │  Model complexity               │
  │    ───────────────────────────────────────────────────────── │
  │    Total Free Energy: 260000.000  │  G = E - I + C                  │
  ├──────────────────────────────────────────────────────────────┤
  │  Status: 🌿 EXPANDING (exploring policies...)                   │
  ╰──────────────────────────────────────────────────────────────╯
  [Memory]  Map (6/6): [██████]
   🔍 Search Attempt 2: Exploring top 5 advanced axioms...
   ⚡ Memulai MCTS dari ROOT ZERO-POINT dengan 3 amunisi unik...
[Depth 0] Axioms: ["ROOT_START"] | Pragmatic: 260000.00 | Epistemic: 0.00 | Prob: 0.9900 | Dim: 5x5
  ╭──────────────────────────────────────────────────────────────╮
  │  MCTS NODE [0] — Rank 1/2 │ Depth 0                       │
  ├──────────────────────────────────────────────────────────────┤
  │  P(dist): ━━━━━━━━━━━━━━━━━━━━━━━━━━━━━━ ●=0.990 μ=0.895 range[0.800, 0.990]   │
  │  Threshold: 0.050 ✓ SURVIVES                                │
  │  Energy Components:                                          │
  │    Pragmatic (E):  260000.000  │  Goal-seeking error             │
  │    Epistemic (I):     0.000  │  Information gain               │
  │    Complexity (C):    0.000  │  Model complexity               │
  │    ───────────────────────────────────────────────────────── │
  │    Total Free Energy: 260000.000  │  G = E - I + C                  │
  ├──────────────────────────────────────────────────────────────┤
  │  Status: 🌿 EXPANDING (exploring policies...)                   │
  ╰──────────────────────────────────────────────────────────────╯
  [Memory]  Map (6/6): [██████]
[Depth 1] Axioms: ["ROOT_START", "CROP_WINDOW_AROUND(8)"] | Pragmatic: 260000.00 | Epistemic: 0.00 | Prob: 0.9900 | Dim: 5x5
  ╭──────────────────────────────────────────────────────────────╮
  │  MCTS NODE [0] — Rank 1/2 │ Depth 1                       │
  ├──────────────────────────────────────────────────────────────┤
  │  P(dist): ━━━━━━━━━━━━━━━━━━━━━━━━━━━━━━ ●=0.990 μ=0.895 range[0.800, 0.990]   │
  │  Threshold: 0.050 ✓ SURVIVES                                │
  │  Energy Components:                                          │
  │    Pragmatic (E):  260000.000  │  Goal-seeking error             │
  │    Epistemic (I):     0.000  │  Information gain               │
  │    Complexity (C):    0.000  │  Model complexity               │
  │    ───────────────────────────────────────────────────────── │
  │    Total Free Energy: 260000.000  │  G = E - I + C                  │
  ├──────────────────────────────────────────────────────────────┤
  │  Status: 🌿 EXPANDING (exploring policies...)                   │
  ╰──────────────────────────────────────────────────────────────╯
  [Memory]  Map (6/6): [██████]
[Depth 1] Axioms: ["ROOT_START", "CROP_WINDOW_AROUND(4)"] | Pragmatic: 260000.00 | Epistemic: 0.00 | Prob: 0.9900 | Dim: 5x5
  ╭──────────────────────────────────────────────────────────────╮
  │  MCTS NODE [0] — Rank 1/2 │ Depth 1                       │
  ├──────────────────────────────────────────────────────────────┤
  │  P(dist): ━━━━━━━━━━━━━━━━━━━━━━━━━━━━━━ ●=0.990 μ=0.895 range[0.800, 0.990]   │
  │  Threshold: 0.050 ✓ SURVIVES                                │
  │  Energy Components:                                          │
  │    Pragmatic (E):  260000.000  │  Goal-seeking error             │
  │    Epistemic (I):     0.000  │  Information gain               │
  │    Complexity (C):    0.000  │  Model complexity               │
  │    ───────────────────────────────────────────────────────── │
  │    Total Free Energy: 260000.000  │  G = E - I + C                  │
  ├──────────────────────────────────────────────────────────────┤
  │  Status: 🌿 EXPANDING (exploring policies...)                   │
  ╰──────────────────────────────────────────────────────────────╯
  [Memory]  Map (6/6): [██████]
[Depth 1] Axioms: ["ROOT_START", "CROP_WINDOW_AROUND(3)"] | Pragmatic: 260000.00 | Epistemic: 0.00 | Prob: 0.9900 | Dim: 5x5
  ╭──────────────────────────────────────────────────────────────╮
  │  MCTS NODE [0] — Rank 1/2 │ Depth 1                       │
  ├──────────────────────────────────────────────────────────────┤
  │  P(dist): ━━━━━━━━━━━━━━━━━━━━━━━━━━━━━━ ●=0.990 μ=0.895 range[0.800, 0.990]   │
  │  Threshold: 0.050 ✓ SURVIVES                                │
  │  Energy Components:                                          │
  │    Pragmatic (E):  260000.000  │  Goal-seeking error             │
  │    Epistemic (I):     0.000  │  Information gain               │
  │    Complexity (C):    0.000  │  Model complexity               │
  │    ───────────────────────────────────────────────────────── │
  │    Total Free Energy: 260000.000  │  G = E - I + C                  │
  ├──────────────────────────────────────────────────────────────┤
  │  Status: 🌿 EXPANDING (exploring policies...)                   │
  ╰──────────────────────────────────────────────────────────────╯
  [Memory]  Map (6/6): [██████]
🧠 [Metakognisi] Batas loop kognitif tercapai (Infinite Loop Protection). Simulasi dihentikan paksa.
   [Rust MCTS] WARNING: Semua gelombang hancur! (Halusinasi/Meleset)
🧬 [Autopoiesis] Kode genetik sudah ada di Wiki (knowledge/skills/auto/synthesized_crossover_19b9eee8.md). Menggunakan kembali tanpa menulis file baru.
🧬 [Quantum Inference] Menjalankan Axiom Tensor 'synthesized_crossover_19b9eee8' secara dinamis di Multiverse Sandbox...
🧬 [Quantum Inference] Wave propagation selesai. (Simulasi internal berhasil).
MCTS failed. Engaging Generative Synthesized Skill: extract_anomalous_quadrant...
✅ SUCCESS (100% Match!)


🏁 BATCH EXECUTION COMPLETE
Score: 3 / 3

🌿 ==================================
🌙 MENGAKTIFKAN SIKLUS TIDUR (MENTAL REPLAY)
🌿 ==================================
🌙 [Mental Replay] RRM memasuki fase REM (Bermimpi)...
   -> Tidak ada memori aktif. Menciptakan skenario fraktal hipotetis...
   -> Generate skenario variasi...
   -> Tercipta 3 dimensi alternatif (Size Scaling, Color Permutation, Noise Injection).
   -> Mensimulasikan Counterfactual Engine di alam mimpi...
   -> Mimpi selesai. Sistem telah melatih otot kognitifnya.
